<html>
<body>
<pre>
<h1>µVision Build Log</h1>
<h2>Tool Versions:</h2>
IDE-Version: ¦ÌVision V5.38.0.0
Copyright (C) 2022 ARM Ltd and ARM Germany GmbH. All rights reserved.
License Information: 1 1, 1, LIC=WHYH9-4116N-454T5-GNSA8-U9XMA-FSGDW
 
Tool Versions:
Toolchain:       MDK-ARM Plus  Version: 5.38.0.0
Toolchain Path:  D:\Program Files\keil 5.38\ARM\ARMCC\Bin
C Compiler:      Armcc.exe V5.06 update 7 (build 960)
Assembler:       Armasm.exe V5.06 update 7 (build 960)
Linker/Locator:  ArmLink.exe V5.06 update 7 (build 960)
Library Manager: ArmAr.exe V5.06 update 7 (build 960)
Hex Converter:   FromElf.exe V5.06 update 7 (build 960)
CPU DLL:         SARMCM3.DLL V5.38.0.0
Dialog DLL:      DCM.DLL V1.17.5.0
Target DLL:      STLink\ST-LINKIII-KEIL_SWO.dll V3.1.0.0
Dialog DLL:      TCM.DLL V1.56.4.0
 
<h2>Project:</h2>
C:\Users\BXJ\Desktop\printer_stm32\MDK-ARM\printer.uvprojx
Project File Date:  10/13/2024

<h2>Output:</h2>
*** Using Compiler 'V5.06 update 7 (build 960)', folder: 'D:\Program Files\keil 5.38\ARM\ARMCC\Bin'
Build target 'printer'
linking...
Program Size: Code=29720 RO-data=544 RW-data=272 ZI-data=20176  
FromELF: creating hex file...
After Build - User command #1: "D:\Program Files\keil 5.38\ARM\ARMCC\bin\fromelf.exe"
Product: MDK Plus 5.38
Component: ARM Compiler 5.06 update 7 (build 960)
Tool: fromelf [4d35f4]
For support see http://www.arm.com/support
Software supplied by: ARM Limited
ARM image conversion utility
fromelf [options] input_file
Options:
       --help         display this help screen
       --vsn          display version information
       --output file  the output file. (defaults to stdout for -text format)
       --nodebug      do not put debug areas in the output image
       --nolinkview   do not put sections in the output image
Binary Output Formats:
       --bin          Plain Binary
       --m32          Motorola 32 bit Hex
       --i32          Intel 32 bit Hex
       --vhx          Byte Oriented Hex format
       --base addr    Optionally set base address for m32,i32
Output Formats Requiring Debug Information
       --fieldoffsets Assembly Language Description of Structures/Classes
       --expandarrays Arrays inside and outside structures are expanded
Other Output Formats:
       --elf         ELF
       --text        Text Information
                Flags for Text Information
                -v          verbose
                -a          print data addresses (For images built with debug)
                -c          disassemble code
                -d          print contents of data section
                -e          print exception tables
                -g          print debug tables
                -r          print relocation information
                -s          print symbol table
                -t          print string table
                -y          print dynamic segment contents
                -z          print code and data size information
"printer\printer.axf" - 0 Error(s), 0 Warning(s).

<h2>Software Packages used:</h2>

Package Vendor: ARM
                http://www.keil.com/pack/ARM.CMSIS.5.9.0.pack
                ARM.CMSIS.5.9.0
                CMSIS (Common Microcontroller Software Interface Standard)
   * Component: CORE Version: 5.6.0

Package Vendor: Keil
                http://www.keil.com/pack/Keil.STM32F1xx_DFP.2.2.0.pack
                Keil.STM32F1xx_DFP.2.2.0
                STMicroelectronics STM32F1 Series Device Support, Drivers and Examples

<h2>Collection of Component include folders:</h2>
  ./RTE/_printer
  D:/Program Files/keil 5.38/ARM/PACK/ARM/CMSIS/5.9.0/CMSIS/Core/Include
  D:/Program Files/keil 5.38/ARM/PACK/Keil/STM32F1xx_DFP/2.2.0/Device/Include

<h2>Collection of Component Files used:</h2>

   * Component: ARM::CMSIS:CORE:5.6.0
Build Time Elapsed:  00:00:01
</pre>
</body>
</html>
